============================================================
  Generated by:           Genus(TM) Synthesis Solution 23.11-s100_1
  Generated on:           Feb 09 2025  05:54:15 pm
  Module:                 thermometer
  Operating conditions:   tt_1.8_25 (balanced_tree)
  Wireload mode:          enclosed
  Area mode:              timing library
============================================================

Timing
--------

Clock Period 
-------------
clk   1000.0 


  Cost    Critical         Violating 
 Group   Path Slack  TNS     Paths   
-------------------------------------
clk             2.7   0.0          0 
default    No paths   0.0            
-------------------------------------
Total                 0.0          0 

Instance Count
--------------
Leaf Instance Count             51 
Physical Instance count          0 
Sequential Instance Count        4 
Combinational Instance Count    47 
Hierarchical Instance Count      0 

Area
----
Cell Area                          620.851
Physical Cell Area                 0.000
Total Cell Area (Cell+Physical)    620.851
Net Area                           0.000
Total Area (Cell+Physical+Net)     620.851

Max Fanout                         4 (clk)
Min Fanout                         0 (n_43)
Average Fanout                     1.8
Terms to net ratio                 2.5882
Terms to instance ratio            3.4510
Runtime                            11.878435 seconds
Elapsed Runtime                    18 seconds
Genus peak memory usage            1761.66 
Innovus peak memory usage          no_value 
Hostname                           cae-europractice1.othr.de
