============================================================
  Generated by:           Genus(TM) Synthesis Solution 23.11-s100_1
  Generated on:           Feb 09 2025  05:54:15 pm
  Module:                 thermometer
  Operating conditions:   tt_1.8_25 (balanced_tree)
  Wireload mode:          enclosed
  Area mode:              timing library
============================================================


Path 1: MET (3 ps) Setup Check with Pin out_reg[2]/CK->D
          Group: clk
     Startpoint: (R) Y[1]
          Clock: (R) clk
       Endpoint: (R) out_reg[2]/D
          Clock: (R) clk

                     Capture       Launch     
        Clock Edge:+    1000            0     
        Drv Adjust:+       0            0     
       Src Latency:+       0            0     
       Net Latency:+       0 (I)        0 (I) 
           Arrival:=    1000            0     
                                              
             Setup:-      89                  
       Uncertainty:-      50                  
     Required Time:=     861                  
      Launch Clock:-       0                  
       Input Delay:-      10                  
         Data Path:-     848                  
             Slack:=       3                  

Exceptions/Constraints:
  input_delay              10             Thermometer.sdc_line_24_13_1 

#---------------------------------------------------------------------------------------
# Timing Point   Flags   Arc   Edge   Cell     Fanout Load Trans Delay Arrival Instance 
#                                                     (fF)  (ps)  (ps)   (ps)  Location 
#---------------------------------------------------------------------------------------
  Y[1]           -       -     R     (arrival)      3 11.4     0     0      10    (-,-) 
  g1053__4319/Y  -       A->Y  F     NAND2X2        1 10.8    41    42      52    (-,-) 
  g1051__5477/Y  -       B->Y  R     NOR2X4         3  8.9    57    62     113    (-,-) 
  g1045__2883/Y  -       C->Y  F     NAND3X1        2  8.4    84    90     203    (-,-) 
  g1043/Y        -       A->Y  R     CLKINVX2       2  6.0    43    57     260    (-,-) 
  g1042__1881/Y  -       C->Y  F     NAND3X1        2  5.8    64    69     330    (-,-) 
  g1039/Y        -       A->Y  R     CLKINVX1       2  4.7    47    62     392    (-,-) 
  g1034__1705/Y  -       D->Y  R     AND4X2         3  9.1    70   209     601    (-,-) 
  g1028__3680/Y  -       B->Y  F     NAND2X1        3  9.0    64    79     680    (-,-) 
  g1026__4319/Y  -       B0->Y R     AOI21X1        1  2.9    83    95     775    (-,-) 
  g1025/Y        -       A->Y  F     INVX1          1  2.9    29    40     814    (-,-) 
  g1022__2398/Y  -       B->Y  R     NAND3X1        1  1.8    43    44     858    (-,-) 
  out_reg[2]/D   <<<     -     R     DFFRX1         1    -     -     0     858    (-,-) 
#---------------------------------------------------------------------------------------

