 -------------------------------------------------------------------------------------- 
| Snapshot           | WNS   | TNS | Density (%) | Resource               | DRVs       |
|                    | ALL (ns)    |             | Real (s) | Memory (MB) | Tran | Cap |
|--------------------+-------+-----+-------------+----------+-------------+------+-----|
| initial_summary    | 0.128 |   0 |       88.46 | 0:00:02  |        4613 |    0 |   0 |
| ccopt_pro          |       |     |             | 0:00:01  |        5568 |      |     |
| route_type_fixing  |       |     |             | 0:00:00  |        5135 |      |     |
| pre_route_summary  | 0.128 |   0 |       88.46 | 0:00:01  |        5168 |    0 |   0 |
| eco_route          |       |     |             | 0:00:00  |        5170 |      |     |
| post_route_summary | 0.127 |   0 |       88.46 | 0:00:00  |        4670 |    0 |   0 |
| final_summary      | 0.127 |   0 |       88.46 | 0:00:03  |        4671 |    0 |   0 |
 -------------------------------------------------------------------------------------- 
