\# Program start time:     UTC 2024.12.06 21:02:29.920
\# Local time: GMT+01:00 (UTC+01:00) 2024.12.06 22:02:29.920
\o Program:		@(#)$CDS: virtuoso version IC23.1-64b 09/20/2023 08:29 (cpgbld16) $
\o Hierarchy:		/mnt/cae_storage_sw/eda/cadence/2023-24/RHELx86/IC_23.10.020/tools.lnx86/dfII/
\o Sub version:		sub-version  IC23.1-64b.ISR2.29  (64-bit addresses)
\# Command line:	/eda/cadence/2023-24/RHELx86/IC_23.10.020/tools.lnx86/dfII/bin/64bit/virtuoso -beanhost cae-europractice1.othr.de -beanport 11614 -beanbinlog  -beanLogFile /home/cae3/Desktop/ADC/ASIC_ADC/Cadence_sky/logs_cae3/logs0/amps_Service1.log -mpssession virtuoso1566856 -mpshost cae-europractice1.othr.de -davinciService DaVinciService_1566856_1733518944 -axlSession fnxSession0 -axlServiceIdFlag 1 -uuid 3d54fff1-9294-4bfe-8a08-38a9751d1064 -heartbeat /dev/shm/swift-heartbeat.F9cKviwG48 -log /home/cae3/Desktop/ADC/ASIC_ADC/Cadence_sky/logs_cae3/logs0/Service1.log -adeBrokerAddress cae-europractice1.othr.de:43781 -noautostart -nographE -lscs 000175E1894CBE06FF0966E38F1FFC06BC4D03D0EC7EFC06BC4D66BB9E118E69D9383DB1CC43CF28867C66E3BF1FFC06BC4D66E38F1FFC06BC4D01B0E97C9A65DB1E00001E8F -interactive -offlineExprEval -upfrontMode -fenixMode explorer -heartbeatTimeout  -lingerTimeout 300 -pointlifetime -1
\# Host name (type):	cae-europractice1.othr.de (x86_64)
\# Operating system:	Linux 5.15.0-210.163.7.el8uek.x86_64 #2 SMP Tue Sep 10 18:31:09 PDT 2024
\# Linux /etc/issue:	\S
\# Linux /etc/issue:	Kernel \r on an \m
\# X display name (WxH):	:5877 (1024x868)
\# Available geometry:			TL(0:0) BR(1023:867)
\# X server:			The X.Org Foundation
\# Depth of Visual (Root):	24 (24)
\# Number of Planes Used:	24
\# X version:		11.0 (vendor release 12011000)
\# X resource pool:	base 0x400000, mask 0x1fffff (2097151), shift 0
\# 			current id 0x0, current max 0x1ffffa (2097146)
\# Max data seg size:	     unlimited
\# Max process size:	     unlimited
\# Initial sbrk value:	        683 MB
\# Available memory:	     25,739 MB
\# System memory:	     31,807 MB
\# Maximum memory size:	     31,284 MB
\# Max mem available:	     25,899 MB
\# Initial memory used:	        160 MB
\#        process size:	      1,628 MB
\# Thread usage limits (effective/default):	maxthreads 127001/127001 maxload 16.00/16.00
\# Qt version:		5.15.9
\# Window Manager:	other
\# User Name:		cae3
\o Working Directory:	cae-europractice1.othr.de:/home/cae3/Desktop/ADC/ASIC_ADC/Cadence_sky
\# Process Id:		1567726
\o 
\o COPYRIGHT (C) 1992-2023  CADENCE DESIGN SYSTEMS INC.  ALL RIGHTS RESERVED.
\o           (C) 1992-2023  UNIX SYSTEMS Laboratories INC.,
\o                          Reproduced with permission.
\o 
\o This Cadence Design Systems program and online documentation are
\o proprietary/confidential information and may be disclosed/used only
\o as authorized in a license agreement controlling such use and disclosure.
\o 
\o           RESTRICTED RIGHTS NOTICE (SHORT FORM)
\o Use/reproduction/disclosure is subject to restriction
\o set forth at FAR 1252.227-19 or its equivalent.
\o Loading geView.cxt 
\o Loading menuBuilder.cxt 
\o Loading schView.cxt 
\o Loading selectSv.cxt 
\o Load shared object file /eda/cadence/2023-24/RHELx86/PEGASUSDFM_23.11.000/tools.lnx86/ret/lib/64bit/libretboot.so
\o Load shared object file /eda/cadence/2023-24/RHELx86/PEGASUSDFM_23.11.000/tools.lnx86/lpa/lib/64bit/libretclef.so
\o 
\o Load shared object file /eda/cadence/2023-24/RHELx86/PEGASUSDFM_23.11.000/tools.lnx86/lpa/lib/64bit/libretmb.so
\o 
\o Hotspot Browser 1.0.0 (May  5 2016 12:15:38)
\o Loading /eda/cadence/2023-24/RHELx86/PEGASUSDFM_23.11.000/tools.lnx86/mmg/bin/64bit/etc/context/6.1.0/64bit/ccp.cxt
\o Loading pegasusui.cxt
\o Loading wireEdit.cxt 
\o Loading pte2.cxt 
\o Loading xlUI.cxt 
\o Loading auCore.cxt 
\o Loading vhdl.cxt 
\o Loading seismic.cxt 
\o Loading ci.cxt 
\o Loading layers.cxt 
\o Loading drv.cxt 
\o Loading ams.cxt 
\o Loading oasis.cxt 
\o Loading analog.cxt 
\o Loading asimenv.cxt 
\o Loading dal.cxt 
\o Loading awv.cxt 
\o Loading socket.cxt 
\o Loading par.cxt 
\o Loading alvs.cxt 
\o Loading caa.cxt 
\o Loading amps.cxt 
\o Loading adexlCore.cxt 
\o Loading adexl.cxt 
\o *Info*    Exporting services from client ... 
\o 
\o Loading adexlDM.cxt 
\o Loading cpf.cxt 
\o Loading cli.cxt 
\o Loading lp.cxt 
\o Loading sipLayout.cxt 
\o INFO (ELI-00333) Client process connection mode is LSCS.
\# [22:02:29.381836] Configured Lic search path (23.02-s003): 5280@hs-lic3.oth-regensburg.de:27003@hs-lic1.oth-regensburg.de:27003@hs-lic1.oth-regensburg.de:
\# Memory report: using         325 MB, process size 1,840 MB at UTC 2024.12.06 21:02:34.396
\o //
\o //  Calibre Skill Interface * (v2023.4_17.10) *
\o //
\o //                         Copyright Siemens 1996-2020     
\o //                             All Rights Reserved.
\o //         THIS WORK CONTAINS TRADE SECRET AND PROPRIETARY INFORMATION
\o //            WHICH IS THE PROPERTY OF MENTOR GRAPHICS CORPORATION
\o //              OR ITS LICENSORS AND IS SUBJECT TO LICENSE TERMS.
\o //
\o //
\p > 
\o Loading tilp.cxt 
\o Loading validator.cxt 
\o Loading vrf.cxt 
\o Loading multiTechPlugin.cxt 
\o Loading exportDie.cxt 
\# Loading perfDiag...
\# (PerfDiag): Set GDB path to environment variable 'gdbPath' (gdb).
\# The Health Monitor tool is installed. You can access it from CIW - Tools - Diagnostic Center or use the shell command 'cdsPerfDiag -p 1567726' to open it when Virtuoso freezes.
\o Loading diagCenter.cxt 
\# (PerfDiag): Use backtrace from GLIBC.
\i _axlRunServices()
\# [22:02:37.391153] Periodic Lic check successful
\# [22:02:37.391160] Feature usage summary:
\o Loading simui.cxt 
\o [2024-12-06 22:02:37.423 +0100] [PROCESS] [cadence.virtuoso.ade.services] - Netlist Service has successfully started. Waiting for incoming messages ... {"jobid": "1", "hostname": "cae-europractice1.othr.de", "processid": 1567726, "logfile": "/home/cae3/Desktop/ADC/ASIC_ADC/Cadence_sky/logs_cae3/logs0/Service1.log"}
\o [2024-12-06 22:02:37.465 +0100] [EVENT] [cadence.virtuoso.ade.services.netlister] - NewPoint {"jobid": "1", "history": "ExplorerRun.0", "point": 0, "testname": "ADC_TB_single_1", "event": "NewPoint", "EventSource": "Netlist Service", "HistoryName": "ExplorerRun.0", "logFile": "/home/cae3/Desktop/ADC/ASIC_ADC/Cadence_sky/logs_cae3/logs0/Service1.log", "logFileSize": "5510"}
\# Unzipping history /home/cae3/Desktop/ADC/ASIC_ADC/Cadence_sky/ADC/TB_single/maestro/history/ExplorerRun.0.zip::historyData.sdb
\o Loading vqp.cxt 
\o Loading vdsil.cxt 
\o *Warning* AXL Context Manager : job 1 is already registered. 
\o 
\o Loading hdlPkg.cxt 
\o 
\o 
\o *Info*    Configuring the session ...
\o 
\o 	Library      = ADC
\o 	Cell         = TB_single
\o 	View         = schematic
\o 	Simulator    = spectre
\o 	State Path   = $AXL_SETUPDB_DIR/test_states
\o 	State Name   = ExplorerRun.0
\o 	Results DB   = /home/cae3/Desktop/ADC/ASIC_ADC/Cadence_sky/ADC/TB_single/maestro/results/maestro/ExplorerRun.0.rdb
\o 	Results Dir  = /home/cae3/simulation/ADC/TB_single/maestro/results/maestro/ExplorerRun.0/1/ADC_TB_single_1
\o 	Results Loc  = /home/cae3/simulation/ADC/TB_single/maestro/results/maestro
\o 	Project Dir  = /home/cae3/simulation
\o 	Setup DB loc = /home/cae3/Desktop/ADC/ASIC_ADC/Cadence_sky/ADC/TB_single/maestro
\o 	File Encoding = 0
\o 
\o 
\o Loading viva.cxt 
\o Loading sky130_fd_pr_main/libInit.il ...
\o 	Loading sky130_fd_pr_main/loadCxt.ile ... done!
\o 	Loading context 'sky130_fd_pr_main' from library 'sky130_fd_pr_main' ... done!
\o 	Loading context 'pdkUtils' from library 'sky130_fd_pr_main' ... done!
\o 	Loading sky130_fd_pr_main/display.drf ... done!
\o 	Loading sky130_fd_pr_main/libInitCktPro.il ... done!
\o 	Loading sky130_fd_pr_main/libInitCustomExit.il ... 	Loading Environment Settings ...
\o Loading spectrei.cxt 
\# Memory report: using         473 MB, process size 2,371 MB at UTC 2024.12.06 21:02:39.054
\o Loading devCheck.cxt 
\o Loading relXpert.cxt 
\o done!
\o Loaded sky130_fd_pr_main/libInit.il successfully!
\o Loading hspiceD.cxt 
\o Loading spectreinl.cxt 
\o Loading msgHandler.cxt 
\o Loading UltraSim.cxt 
\o Loading AMSOSS.cxt 
\o Loading AMS.cxt 
\# Unzipping history /home/cae3/Desktop/ADC/ASIC_ADC/Cadence_sky/ADC/TB_single/maestro/history/ExplorerRun.0.zip::historyData.sdb
\o 
\o *Info*    The auto suspension is disabled.
\o 
\o Loading elec.cxt 
\o [2024-12-06 22:02:39.880 +0100] [INFO] [cadence.virtuoso.ade.services.netlister] - Started preparing netlist {"jobid": "1", "history": "ExplorerRun.0", "point": 0, "testname": "ADC_TB_single_1", "testnameKey": "ADC_TB_single_1", "event": "start", "category": "design-netlist"}
\o Resetting statistical vars
\o 
\o *Info*    Setting parameter values ...
\o 
\o Setting var n15L = "350n"
\o Setting var n15W = "700n"
\o Setting var p15L = "350n"
\o Setting var p15W = "660n"
\o Setting var pre_n_L = "900n:100n:1.5u"
\o Setting var pre_n_W = "420n:50n:600n"
\o Setting var pre_p_L = "150n"
\o Setting var pre_p_W = "900n:100:1.5u"
\o Loading monte.cxt 
\o Reusing AHDL Data dir
\o 
\o *Info*    Data Directory    =
\o           /home/cae3/simulation/ADC/TB_single/maestro/results/maestro/ExplorerRun.0/psf/ADC_TB_single_1
\o 
\o generate netlist...
\o Loading hnlInit.cxt 
\o Loading seCore.cxt 
\o Initializing the control file using cp:
\o     cp /mnt/cae_storage_sw/eda/cadence/2023-24/RHELx86/IC_23.10.020/tools.lnx86/dfII/etc/si/control.spectre /home/cae3/simulation/ADC/TB_single/maestro/results/maestro/ExplorerRun.0/psf/ADC_TB_single_1/netlist/control
\# Available memory:         25,736 MB at UTC 2024.12.06 21:02:40.011
\# Memory report: Maximum memory size now 26,238 MB at UTC 2024.12.06 21:02:40.011
\# Thread usage report: 11 active threads, active load 1.40 at UTC 2024.12.06 21:02:40.011
\o Copying Spectre source file 'spectre.inp'
\o Copying Spectre command file 'spectre.sim'
\o Begin Incremental Netlisting Dec  6 22:02:40 2024
\o WARNING (ADE-6003): Terminal "GND", specified in the CDF termOrder, does not exist
\o            in the cell-view "ADC" "div_fixed" "schematic"
\o WARNING (ADE-6003): Terminal "IN", specified in the CDF termOrder, does not exist
\o            in the cell-view "ADC" "div_fixed" "schematic"
\o WARNING (ADE-6003): Terminal "OUT", specified in the CDF termOrder, does not exist
\o            in the cell-view "ADC" "div_fixed" "schematic"
\o WARNING (ADE-6004): Mismatch was found between the terminals in the cellView and those on the
\o            termOrder property on the CDF. Because of the mismatch, the CDF termOrder will
\o            be ignored. The terminals in the cellView will be netlisted in the alphabetical
\o            order of their names. Eliminate the mismatch if you want the CDF termOrder
\o            property to be used for netlisting.
\o            To edit CDF of a cell, 
\o            i) Open CIW->Tools->CDF->Edit.
\o            ii) Select Library Name & Cell Name.
\o            iii) Click on the Edit button in the simulation information section of the
\o                 Edit CDF window.
\o Loading json.cxt 
\o End netlisting Dec  6 22:02:40 2024
\o 
\o Netlisting Statistics:
\o 	Number of components:   71
\o 
\o 	Elapsed time:          1.0s (71.00/s)
\o Errors: 0	Warnings: 4
\o       ...successful.
\o compose simulator input file...
\o       ...successful.
\o [2024-12-06 22:02:43.422 +0100] [INFO] [cadence.virtuoso.ade.services.netlister] - Finished preparing netlist {"jobid": "1", "history": "ExplorerRun.0", "point": 0, "testname": "ADC_TB_single_1", "testnameKey": "ADC_TB_single_1", "event": "finish", "category": "design-netlist"}
\o [2024-12-06 22:02:45.469 +0100] [EVENT] [cadence.virtuoso.ade.services.netlister] - NewPoint {"jobid": "1", "history": "ExplorerRun.0", "point": 1, "testname": "ADC_TB_single_1", "event": "NewPoint", "EventSource": "Netlist Service", "HistoryName": "ExplorerRun.0", "logFile": "/home/cae3/Desktop/ADC/ASIC_ADC/Cadence_sky/logs_cae3/logs0/Service1.log", "logFileSize": "11599"}
\o [2024-12-06 22:02:45.469 +0100] [INFO] [cadence.virtuoso.ade.services.netlister] - Started netlisting {"jobid": "1", "history": "ExplorerRun.0", "point": 1, "testname": "ADC_TB_single_1", "event": "start", "category": "point-netlist"}
\o Resetting statistical vars
\o 
\o *Info*    Setting parameter values ...
\o 
\o Setting var n15L = "350n"
\o Setting var n15W = "700n"
\o Setting var p15L = "350n"
\o Setting var p15W = "660n"
\o Setting var pre_n_L = "900n"
\o Setting var pre_n_W = "420n"
\o Setting var pre_p_L = "150n"
\o Setting var pre_p_W = "900n"
\o Setting var temperature = "27"
\o Setting temp(T) = 27
\o 
\o *Info*    Netlist Directory =
\o           /home/cae3/simulation/ADC/TB_single/maestro/results/maestro/ExplorerRun.0/1/ADC_TB_single_1/netlist
\o 
\o 
\o *Info*    Data Directory    =
\o           /home/cae3/simulation/ADC/TB_single/maestro/results/maestro/ExplorerRun.0/1/ADC_TB_single_1
\o 
\o Reusing AHDL Data dir
\o generate netlist...
\o Ignoring netlist creation since ignoreDesignChangesDuringRun is set to true
\o       ...successful.
\o compose simulator input file...
\o       ...successful.
\o [2024-12-06 22:02:47.604 +0100] [PROCESS] [cadence.virtuoso.ade.services.netlister] - Current memory used: 848.0352 MBytes, peak memory used: 848.0352 MBytes {"jobid": "1", "hostname": "cae-europractice1.othr.de", "processid": 1567726, "history": "ExplorerRun.0", "testname": "ADC_TB_single_1", "point": 1, "logfile": "/home/cae3/Desktop/ADC/ASIC_ADC/Cadence_sky/logs_cae3/logs0/Service1.log"}
\o [2024-12-06 22:02:47.605 +0100] [INFO] [cadence.virtuoso.ade.services.netlister] - Finished netlisting {"jobid": "1", "history": "ExplorerRun.0", "point": 1, "testname": "ADC_TB_single_1", "event": "finish", "category": "point-netlist"}
\o [2024-12-06 22:02:48.608 +0100] [EVENT] [cadence.virtuoso.ade.services.netlister] - NewPoint {"jobid": "1", "history": "ExplorerRun.0", "point": 2, "testname": "ADC_TB_single_1", "event": "NewPoint", "EventSource": "Netlist Service", "HistoryName": "ExplorerRun.0", "logFile": "/home/cae3/Desktop/ADC/ASIC_ADC/Cadence_sky/logs_cae3/logs0/Service1.log", "logFileSize": "13746"}
\o [2024-12-06 22:02:48.609 +0100] [INFO] [cadence.virtuoso.ade.services.netlister] - Started netlisting {"jobid": "1", "history": "ExplorerRun.0", "point": 2, "testname": "ADC_TB_single_1", "event": "start", "category": "point-netlist"}
\o Resetting statistical vars
\o 
\o *Info*    Setting parameter values ...
\o 
\o Setting var pre_n_W = "470n"
\o 
\o *Info*    Netlist Directory =
\o           /home/cae3/simulation/ADC/TB_single/maestro/results/maestro/ExplorerRun.0/2/ADC_TB_single_1/netlist
\o 
\o 
\o *Info*    Data Directory    =
\o           /home/cae3/simulation/ADC/TB_single/maestro/results/maestro/ExplorerRun.0/2/ADC_TB_single_1
\o 
\o Reusing AHDL Data dir
\o generate netlist...
\o Ignoring netlist creation since ignoreDesignChangesDuringRun is set to true
\o       ...successful.
\o compose simulator input file...
\o       ...successful.
\o [2024-12-06 22:02:50.266 +0100] [PROCESS] [cadence.virtuoso.ade.services.netlister] - Current memory used: 848.4102 MBytes, peak memory used: 848.4102 MBytes {"jobid": "1", "hostname": "cae-europractice1.othr.de", "processid": 1567726, "history": "ExplorerRun.0", "testname": "ADC_TB_single_1", "point": 2, "logfile": "/home/cae3/Desktop/ADC/ASIC_ADC/Cadence_sky/logs_cae3/logs0/Service1.log"}
\o [2024-12-06 22:02:50.267 +0100] [INFO] [cadence.virtuoso.ade.services.netlister] - Finished netlisting {"jobid": "1", "history": "ExplorerRun.0", "point": 2, "testname": "ADC_TB_single_1", "event": "finish", "category": "point-netlist"}
\o [2024-12-06 22:02:51.276 +0100] [EVENT] [cadence.virtuoso.ade.services.netlister] - NewPoint {"jobid": "1", "history": "ExplorerRun.0", "point": 3, "testname": "ADC_TB_single_1", "event": "NewPoint", "EventSource": "Netlist Service", "HistoryName": "ExplorerRun.0", "logFile": "/home/cae3/Desktop/ADC/ASIC_ADC/Cadence_sky/logs_cae3/logs0/Service1.log", "logFileSize": "15623"}
\o [2024-12-06 22:02:51.276 +0100] [INFO] [cadence.virtuoso.ade.services.netlister] - Started netlisting {"jobid": "1", "history": "ExplorerRun.0", "point": 3, "testname": "ADC_TB_single_1", "event": "start", "category": "point-netlist"}
\o Resetting statistical vars
\o 
\o *Info*    Setting parameter values ...
\o 
\o Setting var pre_n_W = "520n"
\o 
\o *Info*    Netlist Directory =
\o           /home/cae3/simulation/ADC/TB_single/maestro/results/maestro/ExplorerRun.0/3/ADC_TB_single_1/netlist
\o 
\o 
\o *Info*    Data Directory    =
\o           /home/cae3/simulation/ADC/TB_single/maestro/results/maestro/ExplorerRun.0/3/ADC_TB_single_1
\o 
\o Reusing AHDL Data dir
\o generate netlist...
\o Ignoring netlist creation since ignoreDesignChangesDuringRun is set to true
\o       ...successful.
\o compose simulator input file...
\o       ...successful.
\o [2024-12-06 22:02:52.956 +0100] [PROCESS] [cadence.virtuoso.ade.services.netlister] - Current memory used: 849.1836 MBytes, peak memory used: 849.1836 MBytes {"jobid": "1", "hostname": "cae-europractice1.othr.de", "processid": 1567726, "history": "ExplorerRun.0", "testname": "ADC_TB_single_1", "point": 3, "logfile": "/home/cae3/Desktop/ADC/ASIC_ADC/Cadence_sky/logs_cae3/logs0/Service1.log"}
\o [2024-12-06 22:02:52.957 +0100] [INFO] [cadence.virtuoso.ade.services.netlister] - Finished netlisting {"jobid": "1", "history": "ExplorerRun.0", "point": 3, "testname": "ADC_TB_single_1", "event": "finish", "category": "point-netlist"}
\o [2024-12-06 22:02:53.963 +0100] [EVENT] [cadence.virtuoso.ade.services.netlister] - NewPoint {"jobid": "1", "history": "ExplorerRun.0", "point": 4, "testname": "ADC_TB_single_1", "event": "NewPoint", "EventSource": "Netlist Service", "HistoryName": "ExplorerRun.0", "logFile": "/home/cae3/Desktop/ADC/ASIC_ADC/Cadence_sky/logs_cae3/logs0/Service1.log", "logFileSize": "17500"}
\o [2024-12-06 22:02:53.963 +0100] [INFO] [cadence.virtuoso.ade.services.netlister] - Started netlisting {"jobid": "1", "history": "ExplorerRun.0", "point": 4, "testname": "ADC_TB_single_1", "event": "start", "category": "point-netlist"}
\o Resetting statistical vars
\o 
\o *Info*    Setting parameter values ...
\o 
\o Setting var pre_n_W = "570n"
\o 
\o *Info*    Netlist Directory =
\o           /home/cae3/simulation/ADC/TB_single/maestro/results/maestro/ExplorerRun.0/4/ADC_TB_single_1/netlist
\o 
\o 
\o *Info*    Data Directory    =
\o           /home/cae3/simulation/ADC/TB_single/maestro/results/maestro/ExplorerRun.0/4/ADC_TB_single_1
\o 
\o Reusing AHDL Data dir
\o generate netlist...
\o Ignoring netlist creation since ignoreDesignChangesDuringRun is set to true
\o       ...successful.
\o compose simulator input file...
\o       ...successful.
\o [2024-12-06 22:02:55.842 +0100] [PROCESS] [cadence.virtuoso.ade.services.netlister] - Current memory used: 850.4727 MBytes, peak memory used: 850.4727 MBytes {"jobid": "1", "hostname": "cae-europractice1.othr.de", "processid": 1567726, "history": "ExplorerRun.0", "testname": "ADC_TB_single_1", "point": 4, "logfile": "/home/cae3/Desktop/ADC/ASIC_ADC/Cadence_sky/logs_cae3/logs0/Service1.log"}
\o [2024-12-06 22:02:55.843 +0100] [INFO] [cadence.virtuoso.ade.services.netlister] - Finished netlisting {"jobid": "1", "history": "ExplorerRun.0", "point": 4, "testname": "ADC_TB_single_1", "event": "finish", "category": "point-netlist"}
\o [2024-12-06 22:02:56.849 +0100] [EVENT] [cadence.virtuoso.ade.services.netlister] - NewPoint {"jobid": "1", "history": "ExplorerRun.0", "point": 5, "testname": "ADC_TB_single_1", "event": "NewPoint", "EventSource": "Netlist Service", "HistoryName": "ExplorerRun.0", "logFile": "/home/cae3/Desktop/ADC/ASIC_ADC/Cadence_sky/logs_cae3/logs0/Service1.log", "logFileSize": "19377"}
\o [2024-12-06 22:02:56.849 +0100] [INFO] [cadence.virtuoso.ade.services.netlister] - Started netlisting {"jobid": "1", "history": "ExplorerRun.0", "point": 5, "testname": "ADC_TB_single_1", "event": "start", "category": "point-netlist"}
\o Resetting statistical vars
\o 
\o *Info*    Setting parameter values ...
\o 
\o Setting var pre_n_L = "1u"
\o Setting var pre_n_W = "420n"
\o 
\o *Info*    Netlist Directory =
\o           /home/cae3/simulation/ADC/TB_single/maestro/results/maestro/ExplorerRun.0/5/ADC_TB_single_1/netlist
\o 
\o 
\o *Info*    Data Directory    =
\o           /home/cae3/simulation/ADC/TB_single/maestro/results/maestro/ExplorerRun.0/5/ADC_TB_single_1
\o 
\o Reusing AHDL Data dir
\o generate netlist...
\o Ignoring netlist creation since ignoreDesignChangesDuringRun is set to true
\o       ...successful.
\o compose simulator input file...
\o       ...successful.
\o [2024-12-06 22:02:58.790 +0100] [PROCESS] [cadence.virtuoso.ade.services.netlister] - Current memory used: 852.7305 MBytes, peak memory used: 852.7305 MBytes {"jobid": "1", "hostname": "cae-europractice1.othr.de", "processid": 1567726, "history": "ExplorerRun.0", "testname": "ADC_TB_single_1", "point": 5, "logfile": "/home/cae3/Desktop/ADC/ASIC_ADC/Cadence_sky/logs_cae3/logs0/Service1.log"}
\o [2024-12-06 22:02:58.791 +0100] [INFO] [cadence.virtuoso.ade.services.netlister] - Finished netlisting {"jobid": "1", "history": "ExplorerRun.0", "point": 5, "testname": "ADC_TB_single_1", "event": "finish", "category": "point-netlist"}
\o [2024-12-06 22:02:59.796 +0100] [EVENT] [cadence.virtuoso.ade.services.netlister] - NewPoint {"jobid": "1", "history": "ExplorerRun.0", "point": 6, "testname": "ADC_TB_single_1", "event": "NewPoint", "EventSource": "Netlist Service", "HistoryName": "ExplorerRun.0", "logFile": "/home/cae3/Desktop/ADC/ASIC_ADC/Cadence_sky/logs_cae3/logs0/Service1.log", "logFileSize": "21284"}
\o [2024-12-06 22:02:59.796 +0100] [INFO] [cadence.virtuoso.ade.services.netlister] - Started netlisting {"jobid": "1", "history": "ExplorerRun.0", "point": 6, "testname": "ADC_TB_single_1", "event": "start", "category": "point-netlist"}
\o Resetting statistical vars
\o 
\o *Info*    Setting parameter values ...
\o 
\o Setting var pre_n_W = "470n"
\o 
\o *Info*    Netlist Directory =
\o           /home/cae3/simulation/ADC/TB_single/maestro/results/maestro/ExplorerRun.0/6/ADC_TB_single_1/netlist
\o 
\o 
\o *Info*    Data Directory    =
\o           /home/cae3/simulation/ADC/TB_single/maestro/results/maestro/ExplorerRun.0/6/ADC_TB_single_1
\o 
\o Reusing AHDL Data dir
\o generate netlist...
\o Ignoring netlist creation since ignoreDesignChangesDuringRun is set to true
\o       ...successful.
\o compose simulator input file...
\o       ...successful.
\o [2024-12-06 22:03:01.518 +0100] [PROCESS] [cadence.virtuoso.ade.services.netlister] - Current memory used: 852.7305 MBytes, peak memory used: 852.7305 MBytes {"jobid": "1", "hostname": "cae-europractice1.othr.de", "processid": 1567726, "history": "ExplorerRun.0", "testname": "ADC_TB_single_1", "point": 6, "logfile": "/home/cae3/Desktop/ADC/ASIC_ADC/Cadence_sky/logs_cae3/logs0/Service1.log"}
\o [2024-12-06 22:03:01.519 +0100] [INFO] [cadence.virtuoso.ade.services.netlister] - Finished netlisting {"jobid": "1", "history": "ExplorerRun.0", "point": 6, "testname": "ADC_TB_single_1", "event": "finish", "category": "point-netlist"}
\o [2024-12-06 22:03:02.523 +0100] [EVENT] [cadence.virtuoso.ade.services.netlister] - NewPoint {"jobid": "1", "history": "ExplorerRun.0", "point": 7, "testname": "ADC_TB_single_1", "event": "NewPoint", "EventSource": "Netlist Service", "HistoryName": "ExplorerRun.0", "logFile": "/home/cae3/Desktop/ADC/ASIC_ADC/Cadence_sky/logs_cae3/logs0/Service1.log", "logFileSize": "23161"}
\o [2024-12-06 22:03:02.523 +0100] [INFO] [cadence.virtuoso.ade.services.netlister] - Started netlisting {"jobid": "1", "history": "ExplorerRun.0", "point": 7, "testname": "ADC_TB_single_1", "event": "start", "category": "point-netlist"}
\o Resetting statistical vars
\o 
\o *Info*    Setting parameter values ...
\o 
\o Setting var pre_n_W = "520n"
\o 
\o *Info*    Netlist Directory =
\o           /home/cae3/simulation/ADC/TB_single/maestro/results/maestro/ExplorerRun.0/7/ADC_TB_single_1/netlist
\o 
\o 
\o *Info*    Data Directory    =
\o           /home/cae3/simulation/ADC/TB_single/maestro/results/maestro/ExplorerRun.0/7/ADC_TB_single_1
\o 
\o Reusing AHDL Data dir
\o generate netlist...
\o Ignoring netlist creation since ignoreDesignChangesDuringRun is set to true
\o       ...successful.
\o compose simulator input file...
\o       ...successful.
\o [2024-12-06 22:03:04.314 +0100] [PROCESS] [cadence.virtuoso.ade.services.netlister] - Current memory used: 852.7305 MBytes, peak memory used: 852.7305 MBytes {"jobid": "1", "hostname": "cae-europractice1.othr.de", "processid": 1567726, "history": "ExplorerRun.0", "testname": "ADC_TB_single_1", "point": 7, "logfile": "/home/cae3/Desktop/ADC/ASIC_ADC/Cadence_sky/logs_cae3/logs0/Service1.log"}
\o [2024-12-06 22:03:04.314 +0100] [INFO] [cadence.virtuoso.ade.services.netlister] - Finished netlisting {"jobid": "1", "history": "ExplorerRun.0", "point": 7, "testname": "ADC_TB_single_1", "event": "finish", "category": "point-netlist"}
\o [2024-12-06 22:03:05.322 +0100] [EVENT] [cadence.virtuoso.ade.services.netlister] - NewPoint {"jobid": "1", "history": "ExplorerRun.0", "point": 8, "testname": "ADC_TB_single_1", "event": "NewPoint", "EventSource": "Netlist Service", "HistoryName": "ExplorerRun.0", "logFile": "/home/cae3/Desktop/ADC/ASIC_ADC/Cadence_sky/logs_cae3/logs0/Service1.log", "logFileSize": "25038"}
\o [2024-12-06 22:03:05.323 +0100] [INFO] [cadence.virtuoso.ade.services.netlister] - Started netlisting {"jobid": "1", "history": "ExplorerRun.0", "point": 8, "testname": "ADC_TB_single_1", "event": "start", "category": "point-netlist"}
\o Resetting statistical vars
\o 
\o *Info*    Setting parameter values ...
\o 
\o Setting var pre_n_W = "570n"
\o 
\o *Info*    Netlist Directory =
\o           /home/cae3/simulation/ADC/TB_single/maestro/results/maestro/ExplorerRun.0/8/ADC_TB_single_1/netlist
\o 
\o 
\o *Info*    Data Directory    =
\o           /home/cae3/simulation/ADC/TB_single/maestro/results/maestro/ExplorerRun.0/8/ADC_TB_single_1
\o 
\o Reusing AHDL Data dir
\o generate netlist...
\o Ignoring netlist creation since ignoreDesignChangesDuringRun is set to true
\o       ...successful.
\o compose simulator input file...
\o       ...successful.
\o [2024-12-06 22:03:06.949 +0100] [PROCESS] [cadence.virtuoso.ade.services.netlister] - Current memory used: 852.7305 MBytes, peak memory used: 852.7305 MBytes {"jobid": "1", "hostname": "cae-europractice1.othr.de", "processid": 1567726, "history": "ExplorerRun.0", "testname": "ADC_TB_single_1", "point": 8, "logfile": "/home/cae3/Desktop/ADC/ASIC_ADC/Cadence_sky/logs_cae3/logs0/Service1.log"}
\o [2024-12-06 22:03:06.950 +0100] [INFO] [cadence.virtuoso.ade.services.netlister] - Finished netlisting {"jobid": "1", "history": "ExplorerRun.0", "point": 8, "testname": "ADC_TB_single_1", "event": "finish", "category": "point-netlist"}
\o [2024-12-06 22:03:07.956 +0100] [EVENT] [cadence.virtuoso.ade.services.netlister] - NewPoint {"jobid": "1", "history": "ExplorerRun.0", "point": 9, "testname": "ADC_TB_single_1", "event": "NewPoint", "EventSource": "Netlist Service", "HistoryName": "ExplorerRun.0", "logFile": "/home/cae3/Desktop/ADC/ASIC_ADC/Cadence_sky/logs_cae3/logs0/Service1.log", "logFileSize": "26915"}
\o [2024-12-06 22:03:07.956 +0100] [INFO] [cadence.virtuoso.ade.services.netlister] - Started netlisting {"jobid": "1", "history": "ExplorerRun.0", "point": 9, "testname": "ADC_TB_single_1", "event": "start", "category": "point-netlist"}
\o Resetting statistical vars
\o 
\o *Info*    Setting parameter values ...
\o 
\o Setting var pre_n_L = "1.1u"
\o Setting var pre_n_W = "420n"
\o 
\o *Info*    Netlist Directory =
\o           /home/cae3/simulation/ADC/TB_single/maestro/results/maestro/ExplorerRun.0/9/ADC_TB_single_1/netlist
\o 
\o 
\o *Info*    Data Directory    =
\o           /home/cae3/simulation/ADC/TB_single/maestro/results/maestro/ExplorerRun.0/9/ADC_TB_single_1
\o 
\o Reusing AHDL Data dir
\o generate netlist...
\o Ignoring netlist creation since ignoreDesignChangesDuringRun is set to true
\o       ...successful.
\o compose simulator input file...
\o       ...successful.
\o [2024-12-06 22:03:09.803 +0100] [PROCESS] [cadence.virtuoso.ade.services.netlister] - Current memory used: 852.7305 MBytes, peak memory used: 852.7305 MBytes {"jobid": "1", "hostname": "cae-europractice1.othr.de", "processid": 1567726, "history": "ExplorerRun.0", "testname": "ADC_TB_single_1", "point": 9, "logfile": "/home/cae3/Desktop/ADC/ASIC_ADC/Cadence_sky/logs_cae3/logs0/Service1.log"}
\o [2024-12-06 22:03:09.803 +0100] [INFO] [cadence.virtuoso.ade.services.netlister] - Finished netlisting {"jobid": "1", "history": "ExplorerRun.0", "point": 9, "testname": "ADC_TB_single_1", "event": "finish", "category": "point-netlist"}
\o [2024-12-06 22:03:10.809 +0100] [EVENT] [cadence.virtuoso.ade.services.netlister] - NewPoint {"jobid": "1", "history": "ExplorerRun.0", "point": 10, "testname": "ADC_TB_single_1", "event": "NewPoint", "EventSource": "Netlist Service", "HistoryName": "ExplorerRun.0", "logFile": "/home/cae3/Desktop/ADC/ASIC_ADC/Cadence_sky/logs_cae3/logs0/Service1.log", "logFileSize": "28824"}
\o [2024-12-06 22:03:10.809 +0100] [INFO] [cadence.virtuoso.ade.services.netlister] - Started netlisting {"jobid": "1", "history": "ExplorerRun.0", "point": 10, "testname": "ADC_TB_single_1", "event": "start", "category": "point-netlist"}
\o Resetting statistical vars
\o 
\o *Info*    Setting parameter values ...
\o 
\o Setting var pre_n_W = "470n"
\o 
\o *Info*    Netlist Directory =
\o           /home/cae3/simulation/ADC/TB_single/maestro/results/maestro/ExplorerRun.0/10/ADC_TB_single_1/netlist
\o 
\o 
\o *Info*    Data Directory    =
\o           /home/cae3/simulation/ADC/TB_single/maestro/results/maestro/ExplorerRun.0/10/ADC_TB_single_1
\o 
\o Reusing AHDL Data dir
\o generate netlist...
\o Ignoring netlist creation since ignoreDesignChangesDuringRun is set to true
\o       ...successful.
\o compose simulator input file...
\o       ...successful.
\o [2024-12-06 22:03:12.588 +0100] [PROCESS] [cadence.virtuoso.ade.services.netlister] - Current memory used: 852.7305 MBytes, peak memory used: 852.7305 MBytes {"jobid": "1", "hostname": "cae-europractice1.othr.de", "processid": 1567726, "history": "ExplorerRun.0", "testname": "ADC_TB_single_1", "point": 10, "logfile": "/home/cae3/Desktop/ADC/ASIC_ADC/Cadence_sky/logs_cae3/logs0/Service1.log"}
\o [2024-12-06 22:03:12.589 +0100] [INFO] [cadence.virtuoso.ade.services.netlister] - Finished netlisting {"jobid": "1", "history": "ExplorerRun.0", "point": 10, "testname": "ADC_TB_single_1", "event": "finish", "category": "point-netlist"}
\o [2024-12-06 22:03:13.593 +0100] [EVENT] [cadence.virtuoso.ade.services.netlister] - NewPoint {"jobid": "1", "history": "ExplorerRun.0", "point": 11, "testname": "ADC_TB_single_1", "event": "NewPoint", "EventSource": "Netlist Service", "HistoryName": "ExplorerRun.0", "logFile": "/home/cae3/Desktop/ADC/ASIC_ADC/Cadence_sky/logs_cae3/logs0/Service1.log", "logFileSize": "30707"}
\o [2024-12-06 22:03:13.593 +0100] [INFO] [cadence.virtuoso.ade.services.netlister] - Started netlisting {"jobid": "1", "history": "ExplorerRun.0", "point": 11, "testname": "ADC_TB_single_1", "event": "start", "category": "point-netlist"}
\o Resetting statistical vars
\o 
\o *Info*    Setting parameter values ...
\o 
\o Setting var pre_n_W = "520n"
\o 
\o *Info*    Netlist Directory =
\o           /home/cae3/simulation/ADC/TB_single/maestro/results/maestro/ExplorerRun.0/11/ADC_TB_single_1/netlist
\o 
\o 
\o *Info*    Data Directory    =
\o           /home/cae3/simulation/ADC/TB_single/maestro/results/maestro/ExplorerRun.0/11/ADC_TB_single_1
\o 
\o Reusing AHDL Data dir
\o generate netlist...
\o Ignoring netlist creation since ignoreDesignChangesDuringRun is set to true
\o       ...successful.
\o compose simulator input file...
\o       ...successful.
\o [2024-12-06 22:03:15.470 +0100] [PROCESS] [cadence.virtuoso.ade.services.netlister] - Current memory used: 852.7305 MBytes, peak memory used: 852.7305 MBytes {"jobid": "1", "hostname": "cae-europractice1.othr.de", "processid": 1567726, "history": "ExplorerRun.0", "testname": "ADC_TB_single_1", "point": 11, "logfile": "/home/cae3/Desktop/ADC/ASIC_ADC/Cadence_sky/logs_cae3/logs0/Service1.log"}
\o [2024-12-06 22:03:15.471 +0100] [INFO] [cadence.virtuoso.ade.services.netlister] - Finished netlisting {"jobid": "1", "history": "ExplorerRun.0", "point": 11, "testname": "ADC_TB_single_1", "event": "finish", "category": "point-netlist"}
\o [2024-12-06 22:03:16.485 +0100] [EVENT] [cadence.virtuoso.ade.services.netlister] - NewPoint {"jobid": "1", "history": "ExplorerRun.0", "point": 12, "testname": "ADC_TB_single_1", "event": "NewPoint", "EventSource": "Netlist Service", "HistoryName": "ExplorerRun.0", "logFile": "/home/cae3/Desktop/ADC/ASIC_ADC/Cadence_sky/logs_cae3/logs0/Service1.log", "logFileSize": "32590"}
\o [2024-12-06 22:03:16.485 +0100] [INFO] [cadence.virtuoso.ade.services.netlister] - Started netlisting {"jobid": "1", "history": "ExplorerRun.0", "point": 12, "testname": "ADC_TB_single_1", "event": "start", "category": "point-netlist"}
\o Resetting statistical vars
\o 
\o *Info*    Setting parameter values ...
\o 
\o Setting var pre_n_W = "570n"
\o 
\o *Info*    Netlist Directory =
\o           /home/cae3/simulation/ADC/TB_single/maestro/results/maestro/ExplorerRun.0/12/ADC_TB_single_1/netlist
\o 
\o 
\o *Info*    Data Directory    =
\o           /home/cae3/simulation/ADC/TB_single/maestro/results/maestro/ExplorerRun.0/12/ADC_TB_single_1
\o 
\o Reusing AHDL Data dir
\o generate netlist...
\o Ignoring netlist creation since ignoreDesignChangesDuringRun is set to true
\o       ...successful.
\o compose simulator input file...
\o       ...successful.
\o [2024-12-06 22:03:18.359 +0100] [PROCESS] [cadence.virtuoso.ade.services.netlister] - Current memory used: 853.5586 MBytes, peak memory used: 853.5586 MBytes {"jobid": "1", "hostname": "cae-europractice1.othr.de", "processid": 1567726, "history": "ExplorerRun.0", "testname": "ADC_TB_single_1", "point": 12, "logfile": "/home/cae3/Desktop/ADC/ASIC_ADC/Cadence_sky/logs_cae3/logs0/Service1.log"}
\o [2024-12-06 22:03:18.360 +0100] [INFO] [cadence.virtuoso.ade.services.netlister] - Finished netlisting {"jobid": "1", "history": "ExplorerRun.0", "point": 12, "testname": "ADC_TB_single_1", "event": "finish", "category": "point-netlist"}
\o [2024-12-06 22:03:19.369 +0100] [EVENT] [cadence.virtuoso.ade.services.netlister] - NewPoint {"jobid": "1", "history": "ExplorerRun.0", "point": 13, "testname": "ADC_TB_single_1", "event": "NewPoint", "EventSource": "Netlist Service", "HistoryName": "ExplorerRun.0", "logFile": "/home/cae3/Desktop/ADC/ASIC_ADC/Cadence_sky/logs_cae3/logs0/Service1.log", "logFileSize": "34473"}
\o [2024-12-06 22:03:19.369 +0100] [INFO] [cadence.virtuoso.ade.services.netlister] - Started netlisting {"jobid": "1", "history": "ExplorerRun.0", "point": 13, "testname": "ADC_TB_single_1", "event": "start", "category": "point-netlist"}
\o Resetting statistical vars
\o 
\o *Info*    Setting parameter values ...
\o 
\o Setting var pre_n_L = "1.2u"
\o Setting var pre_n_W = "420n"
\o 
\o *Info*    Netlist Directory =
\o           /home/cae3/simulation/ADC/TB_single/maestro/results/maestro/ExplorerRun.0/13/ADC_TB_single_1/netlist
\o 
\o 
\o *Info*    Data Directory    =
\o           /home/cae3/simulation/ADC/TB_single/maestro/results/maestro/ExplorerRun.0/13/ADC_TB_single_1
\o 
\o Reusing AHDL Data dir
\o generate netlist...
\o Ignoring netlist creation since ignoreDesignChangesDuringRun is set to true
\o       ...successful.
\o compose simulator input file...
\o       ...successful.
\o [2024-12-06 22:03:21.198 +0100] [PROCESS] [cadence.virtuoso.ade.services.netlister] - Current memory used: 854.3320 MBytes, peak memory used: 854.3320 MBytes {"jobid": "1", "hostname": "cae-europractice1.othr.de", "processid": 1567726, "history": "ExplorerRun.0", "testname": "ADC_TB_single_1", "point": 13, "logfile": "/home/cae3/Desktop/ADC/ASIC_ADC/Cadence_sky/logs_cae3/logs0/Service1.log"}
\o [2024-12-06 22:03:21.198 +0100] [INFO] [cadence.virtuoso.ade.services.netlister] - Finished netlisting {"jobid": "1", "history": "ExplorerRun.0", "point": 13, "testname": "ADC_TB_single_1", "event": "finish", "category": "point-netlist"}
\o [2024-12-06 22:03:22.206 +0100] [EVENT] [cadence.virtuoso.ade.services.netlister] - NewPoint {"jobid": "1", "history": "ExplorerRun.0", "point": 14, "testname": "ADC_TB_single_1", "event": "NewPoint", "EventSource": "Netlist Service", "HistoryName": "ExplorerRun.0", "logFile": "/home/cae3/Desktop/ADC/ASIC_ADC/Cadence_sky/logs_cae3/logs0/Service1.log", "logFileSize": "36388"}
\o [2024-12-06 22:03:22.206 +0100] [INFO] [cadence.virtuoso.ade.services.netlister] - Started netlisting {"jobid": "1", "history": "ExplorerRun.0", "point": 14, "testname": "ADC_TB_single_1", "event": "start", "category": "point-netlist"}
\o Resetting statistical vars
\o 
\o *Info*    Setting parameter values ...
\o 
\o Setting var pre_n_W = "470n"
\o 
\o *Info*    Netlist Directory =
\o           /home/cae3/simulation/ADC/TB_single/maestro/results/maestro/ExplorerRun.0/14/ADC_TB_single_1/netlist
\o 
\o 
\o *Info*    Data Directory    =
\o           /home/cae3/simulation/ADC/TB_single/maestro/results/maestro/ExplorerRun.0/14/ADC_TB_single_1
\o 
\o Reusing AHDL Data dir
\o generate netlist...
\o Ignoring netlist creation since ignoreDesignChangesDuringRun is set to true
\o       ...successful.
\o compose simulator input file...
\o       ...successful.
\o [2024-12-06 22:03:23.798 +0100] [PROCESS] [cadence.virtuoso.ade.services.netlister] - Current memory used: 856.8477 MBytes, peak memory used: 856.8477 MBytes {"jobid": "1", "hostname": "cae-europractice1.othr.de", "processid": 1567726, "history": "ExplorerRun.0", "testname": "ADC_TB_single_1", "point": 14, "logfile": "/home/cae3/Desktop/ADC/ASIC_ADC/Cadence_sky/logs_cae3/logs0/Service1.log"}
\o [2024-12-06 22:03:23.799 +0100] [INFO] [cadence.virtuoso.ade.services.netlister] - Finished netlisting {"jobid": "1", "history": "ExplorerRun.0", "point": 14, "testname": "ADC_TB_single_1", "event": "finish", "category": "point-netlist"}
\o [2024-12-06 22:03:24.803 +0100] [EVENT] [cadence.virtuoso.ade.services.netlister] - NewPoint {"jobid": "1", "history": "ExplorerRun.0", "point": 15, "testname": "ADC_TB_single_1", "event": "NewPoint", "EventSource": "Netlist Service", "HistoryName": "ExplorerRun.0", "logFile": "/home/cae3/Desktop/ADC/ASIC_ADC/Cadence_sky/logs_cae3/logs0/Service1.log", "logFileSize": "38271"}
\o [2024-12-06 22:03:24.803 +0100] [INFO] [cadence.virtuoso.ade.services.netlister] - Started netlisting {"jobid": "1", "history": "ExplorerRun.0", "point": 15, "testname": "ADC_TB_single_1", "event": "start", "category": "point-netlist"}
\o Resetting statistical vars
\o 
\o *Info*    Setting parameter values ...
\o 
\o Setting var pre_n_W = "520n"
\o 
\o *Info*    Netlist Directory =
\o           /home/cae3/simulation/ADC/TB_single/maestro/results/maestro/ExplorerRun.0/15/ADC_TB_single_1/netlist
\o 
\o 
\o *Info*    Data Directory    =
\o           /home/cae3/simulation/ADC/TB_single/maestro/results/maestro/ExplorerRun.0/15/ADC_TB_single_1
\o 
\o Reusing AHDL Data dir
\o generate netlist...
\o Ignoring netlist creation since ignoreDesignChangesDuringRun is set to true
\o       ...successful.
\o compose simulator input file...
\o       ...successful.
\o [2024-12-06 22:03:26.756 +0100] [PROCESS] [cadence.virtuoso.ade.services.netlister] - Current memory used: 856.8477 MBytes, peak memory used: 856.8477 MBytes {"jobid": "1", "hostname": "cae-europractice1.othr.de", "processid": 1567726, "history": "ExplorerRun.0", "testname": "ADC_TB_single_1", "point": 15, "logfile": "/home/cae3/Desktop/ADC/ASIC_ADC/Cadence_sky/logs_cae3/logs0/Service1.log"}
\o [2024-12-06 22:03:26.757 +0100] [INFO] [cadence.virtuoso.ade.services.netlister] - Finished netlisting {"jobid": "1", "history": "ExplorerRun.0", "point": 15, "testname": "ADC_TB_single_1", "event": "finish", "category": "point-netlist"}
\o [2024-12-06 22:03:27.765 +0100] [EVENT] [cadence.virtuoso.ade.services.netlister] - NewPoint {"jobid": "1", "history": "ExplorerRun.0", "point": 16, "testname": "ADC_TB_single_1", "event": "NewPoint", "EventSource": "Netlist Service", "HistoryName": "ExplorerRun.0", "logFile": "/home/cae3/Desktop/ADC/ASIC_ADC/Cadence_sky/logs_cae3/logs0/Service1.log", "logFileSize": "40154"}
\o [2024-12-06 22:03:27.765 +0100] [INFO] [cadence.virtuoso.ade.services.netlister] - Started netlisting {"jobid": "1", "history": "ExplorerRun.0", "point": 16, "testname": "ADC_TB_single_1", "event": "start", "category": "point-netlist"}
\o Resetting statistical vars
\o 
\o *Info*    Setting parameter values ...
\o 
\o Setting var pre_n_W = "570n"
\o 
\o *Info*    Netlist Directory =
\o           /home/cae3/simulation/ADC/TB_single/maestro/results/maestro/ExplorerRun.0/16/ADC_TB_single_1/netlist
\o 
\o 
\o *Info*    Data Directory    =
\o           /home/cae3/simulation/ADC/TB_single/maestro/results/maestro/ExplorerRun.0/16/ADC_TB_single_1
\o 
\o Reusing AHDL Data dir
\o generate netlist...
\o Ignoring netlist creation since ignoreDesignChangesDuringRun is set to true
\o       ...successful.
\o compose simulator input file...
\o       ...successful.
\o [2024-12-06 22:03:29.800 +0100] [PROCESS] [cadence.virtuoso.ade.services.netlister] - Current memory used: 856.8477 MBytes, peak memory used: 856.8477 MBytes {"jobid": "1", "hostname": "cae-europractice1.othr.de", "processid": 1567726, "history": "ExplorerRun.0", "testname": "ADC_TB_single_1", "point": 16, "logfile": "/home/cae3/Desktop/ADC/ASIC_ADC/Cadence_sky/logs_cae3/logs0/Service1.log"}
\o [2024-12-06 22:03:29.801 +0100] [INFO] [cadence.virtuoso.ade.services.netlister] - Finished netlisting {"jobid": "1", "history": "ExplorerRun.0", "point": 16, "testname": "ADC_TB_single_1", "event": "finish", "category": "point-netlist"}
\o [2024-12-06 22:03:30.808 +0100] [EVENT] [cadence.virtuoso.ade.services.netlister] - NewPoint {"jobid": "1", "history": "ExplorerRun.0", "point": 17, "testname": "ADC_TB_single_1", "event": "NewPoint", "EventSource": "Netlist Service", "HistoryName": "ExplorerRun.0", "logFile": "/home/cae3/Desktop/ADC/ASIC_ADC/Cadence_sky/logs_cae3/logs0/Service1.log", "logFileSize": "42037"}
\o [2024-12-06 22:03:30.809 +0100] [INFO] [cadence.virtuoso.ade.services.netlister] - Started netlisting {"jobid": "1", "history": "ExplorerRun.0", "point": 17, "testname": "ADC_TB_single_1", "event": "start", "category": "point-netlist"}
\o Resetting statistical vars
\o 
\o *Info*    Setting parameter values ...
\o 
\o Setting var pre_n_L = "1.3u"
\o Setting var pre_n_W = "420n"
\o 
\o *Info*    Netlist Directory =
\o           /home/cae3/simulation/ADC/TB_single/maestro/results/maestro/ExplorerRun.0/17/ADC_TB_single_1/netlist
\o 
\o 
\o *Info*    Data Directory    =
\o           /home/cae3/simulation/ADC/TB_single/maestro/results/maestro/ExplorerRun.0/17/ADC_TB_single_1
\o 
\o Reusing AHDL Data dir
\o generate netlist...
\o Ignoring netlist creation since ignoreDesignChangesDuringRun is set to true
\o       ...successful.
\o compose simulator input file...
\o       ...successful.
\o [2024-12-06 22:03:32.706 +0100] [PROCESS] [cadence.virtuoso.ade.services.netlister] - Current memory used: 856.8477 MBytes, peak memory used: 856.8477 MBytes {"jobid": "1", "hostname": "cae-europractice1.othr.de", "processid": 1567726, "history": "ExplorerRun.0", "testname": "ADC_TB_single_1", "point": 17, "logfile": "/home/cae3/Desktop/ADC/ASIC_ADC/Cadence_sky/logs_cae3/logs0/Service1.log"}
\o [2024-12-06 22:03:32.707 +0100] [INFO] [cadence.virtuoso.ade.services.netlister] - Finished netlisting {"jobid": "1", "history": "ExplorerRun.0", "point": 17, "testname": "ADC_TB_single_1", "event": "finish", "category": "point-netlist"}
\o [2024-12-06 22:03:33.712 +0100] [EVENT] [cadence.virtuoso.ade.services.netlister] - NewPoint {"jobid": "1", "history": "ExplorerRun.0", "point": 18, "testname": "ADC_TB_single_1", "event": "NewPoint", "EventSource": "Netlist Service", "HistoryName": "ExplorerRun.0", "logFile": "/home/cae3/Desktop/ADC/ASIC_ADC/Cadence_sky/logs_cae3/logs0/Service1.log", "logFileSize": "43952"}
\o [2024-12-06 22:03:33.712 +0100] [INFO] [cadence.virtuoso.ade.services.netlister] - Started netlisting {"jobid": "1", "history": "ExplorerRun.0", "point": 18, "testname": "ADC_TB_single_1", "event": "start", "category": "point-netlist"}
\o Resetting statistical vars
\o 
\o *Info*    Setting parameter values ...
\o 
\o Setting var pre_n_W = "470n"
\o 
\o *Info*    Netlist Directory =
\o           /home/cae3/simulation/ADC/TB_single/maestro/results/maestro/ExplorerRun.0/18/ADC_TB_single_1/netlist
\o 
\o 
\o *Info*    Data Directory    =
\o           /home/cae3/simulation/ADC/TB_single/maestro/results/maestro/ExplorerRun.0/18/ADC_TB_single_1
\o 
\o Reusing AHDL Data dir
\o generate netlist...
\o Ignoring netlist creation since ignoreDesignChangesDuringRun is set to true
\o       ...successful.
\o compose simulator input file...
\o       ...successful.
\o [2024-12-06 22:03:35.667 +0100] [PROCESS] [cadence.virtuoso.ade.services.netlister] - Current memory used: 856.8477 MBytes, peak memory used: 856.8477 MBytes {"jobid": "1", "hostname": "cae-europractice1.othr.de", "processid": 1567726, "history": "ExplorerRun.0", "testname": "ADC_TB_single_1", "point": 18, "logfile": "/home/cae3/Desktop/ADC/ASIC_ADC/Cadence_sky/logs_cae3/logs0/Service1.log"}
\o [2024-12-06 22:03:35.668 +0100] [INFO] [cadence.virtuoso.ade.services.netlister] - Finished netlisting {"jobid": "1", "history": "ExplorerRun.0", "point": 18, "testname": "ADC_TB_single_1", "event": "finish", "category": "point-netlist"}
\o [2024-12-06 22:03:36.673 +0100] [EVENT] [cadence.virtuoso.ade.services.netlister] - NewPoint {"jobid": "1", "history": "ExplorerRun.0", "point": 19, "testname": "ADC_TB_single_1", "event": "NewPoint", "EventSource": "Netlist Service", "HistoryName": "ExplorerRun.0", "logFile": "/home/cae3/Desktop/ADC/ASIC_ADC/Cadence_sky/logs_cae3/logs0/Service1.log", "logFileSize": "45835"}
\o [2024-12-06 22:03:36.673 +0100] [INFO] [cadence.virtuoso.ade.services.netlister] - Started netlisting {"jobid": "1", "history": "ExplorerRun.0", "point": 19, "testname": "ADC_TB_single_1", "event": "start", "category": "point-netlist"}
\o Resetting statistical vars
\o 
\o *Info*    Setting parameter values ...
\o 
\o Setting var pre_n_W = "520n"
\o 
\o *Info*    Netlist Directory =
\o           /home/cae3/simulation/ADC/TB_single/maestro/results/maestro/ExplorerRun.0/19/ADC_TB_single_1/netlist
\o 
\o 
\o *Info*    Data Directory    =
\o           /home/cae3/simulation/ADC/TB_single/maestro/results/maestro/ExplorerRun.0/19/ADC_TB_single_1
\o 
\o Reusing AHDL Data dir
\o generate netlist...
\o Ignoring netlist creation since ignoreDesignChangesDuringRun is set to true
\o       ...successful.
\o compose simulator input file...
\o       ...successful.
\o [2024-12-06 22:03:38.496 +0100] [PROCESS] [cadence.virtuoso.ade.services.netlister] - Current memory used: 856.8477 MBytes, peak memory used: 856.8477 MBytes {"jobid": "1", "hostname": "cae-europractice1.othr.de", "processid": 1567726, "history": "ExplorerRun.0", "testname": "ADC_TB_single_1", "point": 19, "logfile": "/home/cae3/Desktop/ADC/ASIC_ADC/Cadence_sky/logs_cae3/logs0/Service1.log"}
\o [2024-12-06 22:03:38.497 +0100] [INFO] [cadence.virtuoso.ade.services.netlister] - Finished netlisting {"jobid": "1", "history": "ExplorerRun.0", "point": 19, "testname": "ADC_TB_single_1", "event": "finish", "category": "point-netlist"}
\o [2024-12-06 22:03:39.500 +0100] [EVENT] [cadence.virtuoso.ade.services.netlister] - NewPoint {"jobid": "1", "history": "ExplorerRun.0", "point": 20, "testname": "ADC_TB_single_1", "event": "NewPoint", "EventSource": "Netlist Service", "HistoryName": "ExplorerRun.0", "logFile": "/home/cae3/Desktop/ADC/ASIC_ADC/Cadence_sky/logs_cae3/logs0/Service1.log", "logFileSize": "47718"}
\o [2024-12-06 22:03:39.501 +0100] [INFO] [cadence.virtuoso.ade.services.netlister] - Started netlisting {"jobid": "1", "history": "ExplorerRun.0", "point": 20, "testname": "ADC_TB_single_1", "event": "start", "category": "point-netlist"}
\o Resetting statistical vars
\o 
\o *Info*    Setting parameter values ...
\o 
\o Setting var pre_n_W = "570n"
\o 
\o *Info*    Netlist Directory =
\o           /home/cae3/simulation/ADC/TB_single/maestro/results/maestro/ExplorerRun.0/20/ADC_TB_single_1/netlist
\o 
\o 
\o *Info*    Data Directory    =
\o           /home/cae3/simulation/ADC/TB_single/maestro/results/maestro/ExplorerRun.0/20/ADC_TB_single_1
\o 
\o Reusing AHDL Data dir
\o generate netlist...
\o Ignoring netlist creation since ignoreDesignChangesDuringRun is set to true
\o       ...successful.
\o compose simulator input file...
\o       ...successful.
\o [2024-12-06 22:03:41.314 +0100] [PROCESS] [cadence.virtuoso.ade.services.netlister] - Current memory used: 856.8477 MBytes, peak memory used: 856.8477 MBytes {"jobid": "1", "hostname": "cae-europractice1.othr.de", "processid": 1567726, "history": "ExplorerRun.0", "testname": "ADC_TB_single_1", "point": 20, "logfile": "/home/cae3/Desktop/ADC/ASIC_ADC/Cadence_sky/logs_cae3/logs0/Service1.log"}
\o [2024-12-06 22:03:41.315 +0100] [INFO] [cadence.virtuoso.ade.services.netlister] - Finished netlisting {"jobid": "1", "history": "ExplorerRun.0", "point": 20, "testname": "ADC_TB_single_1", "event": "finish", "category": "point-netlist"}
\o [2024-12-06 22:03:42.322 +0100] [EVENT] [cadence.virtuoso.ade.services.netlister] - NewPoint {"jobid": "1", "history": "ExplorerRun.0", "point": 21, "testname": "ADC_TB_single_1", "event": "NewPoint", "EventSource": "Netlist Service", "HistoryName": "ExplorerRun.0", "logFile": "/home/cae3/Desktop/ADC/ASIC_ADC/Cadence_sky/logs_cae3/logs0/Service1.log", "logFileSize": "49601"}
\o [2024-12-06 22:03:42.322 +0100] [INFO] [cadence.virtuoso.ade.services.netlister] - Started netlisting {"jobid": "1", "history": "ExplorerRun.0", "point": 21, "testname": "ADC_TB_single_1", "event": "start", "category": "point-netlist"}
\o Resetting statistical vars
\o 
\o *Info*    Setting parameter values ...
\o 
\o Setting var pre_n_L = "1.4u"
\o Setting var pre_n_W = "420n"
\o 
\o *Info*    Netlist Directory =
\o           /home/cae3/simulation/ADC/TB_single/maestro/results/maestro/ExplorerRun.0/21/ADC_TB_single_1/netlist
\o 
\o 
\o *Info*    Data Directory    =
\o           /home/cae3/simulation/ADC/TB_single/maestro/results/maestro/ExplorerRun.0/21/ADC_TB_single_1
\o 
\o Reusing AHDL Data dir
\o generate netlist...
\o Ignoring netlist creation since ignoreDesignChangesDuringRun is set to true
\o       ...successful.
\o compose simulator input file...
\o       ...successful.
\o [2024-12-06 22:03:44.075 +0100] [PROCESS] [cadence.virtuoso.ade.services.netlister] - Current memory used: 856.8477 MBytes, peak memory used: 856.8477 MBytes {"jobid": "1", "hostname": "cae-europractice1.othr.de", "processid": 1567726, "history": "ExplorerRun.0", "testname": "ADC_TB_single_1", "point": 21, "logfile": "/home/cae3/Desktop/ADC/ASIC_ADC/Cadence_sky/logs_cae3/logs0/Service1.log"}
\o [2024-12-06 22:03:44.076 +0100] [INFO] [cadence.virtuoso.ade.services.netlister] - Finished netlisting {"jobid": "1", "history": "ExplorerRun.0", "point": 21, "testname": "ADC_TB_single_1", "event": "finish", "category": "point-netlist"}
\o [2024-12-06 22:03:45.081 +0100] [EVENT] [cadence.virtuoso.ade.services.netlister] - NewPoint {"jobid": "1", "history": "ExplorerRun.0", "point": 22, "testname": "ADC_TB_single_1", "event": "NewPoint", "EventSource": "Netlist Service", "HistoryName": "ExplorerRun.0", "logFile": "/home/cae3/Desktop/ADC/ASIC_ADC/Cadence_sky/logs_cae3/logs0/Service1.log", "logFileSize": "51516"}
\o [2024-12-06 22:03:45.081 +0100] [INFO] [cadence.virtuoso.ade.services.netlister] - Started netlisting {"jobid": "1", "history": "ExplorerRun.0", "point": 22, "testname": "ADC_TB_single_1", "event": "start", "category": "point-netlist"}
\o Resetting statistical vars
\o 
\o *Info*    Setting parameter values ...
\o 
\o Setting var pre_n_W = "470n"
\o 
\o *Info*    Netlist Directory =
\o           /home/cae3/simulation/ADC/TB_single/maestro/results/maestro/ExplorerRun.0/22/ADC_TB_single_1/netlist
\o 
\o 
\o *Info*    Data Directory    =
\o           /home/cae3/simulation/ADC/TB_single/maestro/results/maestro/ExplorerRun.0/22/ADC_TB_single_1
\o 
\o Reusing AHDL Data dir
\o generate netlist...
\o Ignoring netlist creation since ignoreDesignChangesDuringRun is set to true
\o       ...successful.
\o compose simulator input file...
\o       ...successful.
\o [2024-12-06 22:03:46.924 +0100] [PROCESS] [cadence.virtuoso.ade.services.netlister] - Current memory used: 856.8477 MBytes, peak memory used: 856.8477 MBytes {"jobid": "1", "hostname": "cae-europractice1.othr.de", "processid": 1567726, "history": "ExplorerRun.0", "testname": "ADC_TB_single_1", "point": 22, "logfile": "/home/cae3/Desktop/ADC/ASIC_ADC/Cadence_sky/logs_cae3/logs0/Service1.log"}
\o [2024-12-06 22:03:46.925 +0100] [INFO] [cadence.virtuoso.ade.services.netlister] - Finished netlisting {"jobid": "1", "history": "ExplorerRun.0", "point": 22, "testname": "ADC_TB_single_1", "event": "finish", "category": "point-netlist"}
\o [2024-12-06 22:03:47.930 +0100] [EVENT] [cadence.virtuoso.ade.services.netlister] - NewPoint {"jobid": "1", "history": "ExplorerRun.0", "point": 23, "testname": "ADC_TB_single_1", "event": "NewPoint", "EventSource": "Netlist Service", "HistoryName": "ExplorerRun.0", "logFile": "/home/cae3/Desktop/ADC/ASIC_ADC/Cadence_sky/logs_cae3/logs0/Service1.log", "logFileSize": "53399"}
\o [2024-12-06 22:03:47.930 +0100] [INFO] [cadence.virtuoso.ade.services.netlister] - Started netlisting {"jobid": "1", "history": "ExplorerRun.0", "point": 23, "testname": "ADC_TB_single_1", "event": "start", "category": "point-netlist"}
\o Resetting statistical vars
\o 
\o *Info*    Setting parameter values ...
\o 
\o Setting var pre_n_W = "520n"
\o 
\o *Info*    Netlist Directory =
\o           /home/cae3/simulation/ADC/TB_single/maestro/results/maestro/ExplorerRun.0/23/ADC_TB_single_1/netlist
\o 
\o 
\o *Info*    Data Directory    =
\o           /home/cae3/simulation/ADC/TB_single/maestro/results/maestro/ExplorerRun.0/23/ADC_TB_single_1
\o 
\o Reusing AHDL Data dir
\o generate netlist...
\o Ignoring netlist creation since ignoreDesignChangesDuringRun is set to true
\o       ...successful.
\o compose simulator input file...
\o       ...successful.
\o [2024-12-06 22:03:49.559 +0100] [PROCESS] [cadence.virtuoso.ade.services.netlister] - Current memory used: 856.8477 MBytes, peak memory used: 856.8477 MBytes {"jobid": "1", "hostname": "cae-europractice1.othr.de", "processid": 1567726, "history": "ExplorerRun.0", "testname": "ADC_TB_single_1", "point": 23, "logfile": "/home/cae3/Desktop/ADC/ASIC_ADC/Cadence_sky/logs_cae3/logs0/Service1.log"}
\o [2024-12-06 22:03:49.560 +0100] [INFO] [cadence.virtuoso.ade.services.netlister] - Finished netlisting {"jobid": "1", "history": "ExplorerRun.0", "point": 23, "testname": "ADC_TB_single_1", "event": "finish", "category": "point-netlist"}
\o [2024-12-06 22:03:50.563 +0100] [EVENT] [cadence.virtuoso.ade.services.netlister] - NewPoint {"jobid": "1", "history": "ExplorerRun.0", "point": 24, "testname": "ADC_TB_single_1", "event": "NewPoint", "EventSource": "Netlist Service", "HistoryName": "ExplorerRun.0", "logFile": "/home/cae3/Desktop/ADC/ASIC_ADC/Cadence_sky/logs_cae3/logs0/Service1.log", "logFileSize": "55282"}
\o [2024-12-06 22:03:50.564 +0100] [INFO] [cadence.virtuoso.ade.services.netlister] - Started netlisting {"jobid": "1", "history": "ExplorerRun.0", "point": 24, "testname": "ADC_TB_single_1", "event": "start", "category": "point-netlist"}
\o Resetting statistical vars
\o 
\o *Info*    Setting parameter values ...
\o 
\o Setting var pre_n_W = "570n"
\o 
\o *Info*    Netlist Directory =
\o           /home/cae3/simulation/ADC/TB_single/maestro/results/maestro/ExplorerRun.0/24/ADC_TB_single_1/netlist
\o 
\o 
\o *Info*    Data Directory    =
\o           /home/cae3/simulation/ADC/TB_single/maestro/results/maestro/ExplorerRun.0/24/ADC_TB_single_1
\o 
\o Reusing AHDL Data dir
\o generate netlist...
\o Ignoring netlist creation since ignoreDesignChangesDuringRun is set to true
\o       ...successful.
\o compose simulator input file...
\o       ...successful.
\o [2024-12-06 22:03:52.367 +0100] [PROCESS] [cadence.virtuoso.ade.services.netlister] - Current memory used: 856.8477 MBytes, peak memory used: 856.8477 MBytes {"jobid": "1", "hostname": "cae-europractice1.othr.de", "processid": 1567726, "history": "ExplorerRun.0", "testname": "ADC_TB_single_1", "point": 24, "logfile": "/home/cae3/Desktop/ADC/ASIC_ADC/Cadence_sky/logs_cae3/logs0/Service1.log"}
\o [2024-12-06 22:03:52.368 +0100] [INFO] [cadence.virtuoso.ade.services.netlister] - Finished netlisting {"jobid": "1", "history": "ExplorerRun.0", "point": 24, "testname": "ADC_TB_single_1", "event": "finish", "category": "point-netlist"}
\o [2024-12-06 22:03:53.374 +0100] [EVENT] [cadence.virtuoso.ade.services.netlister] - NewPoint {"jobid": "1", "history": "ExplorerRun.0", "point": 25, "testname": "ADC_TB_single_1", "event": "NewPoint", "EventSource": "Netlist Service", "HistoryName": "ExplorerRun.0", "logFile": "/home/cae3/Desktop/ADC/ASIC_ADC/Cadence_sky/logs_cae3/logs0/Service1.log", "logFileSize": "57165"}
\o [2024-12-06 22:03:53.374 +0100] [INFO] [cadence.virtuoso.ade.services.netlister] - Started netlisting {"jobid": "1", "history": "ExplorerRun.0", "point": 25, "testname": "ADC_TB_single_1", "event": "start", "category": "point-netlist"}
\o Resetting statistical vars
\o 
\o *Info*    Setting parameter values ...
\o 
\o Setting var pre_n_L = "1.5u"
\o Setting var pre_n_W = "420n"
\o 
\o *Info*    Netlist Directory =
\o           /home/cae3/simulation/ADC/TB_single/maestro/results/maestro/ExplorerRun.0/25/ADC_TB_single_1/netlist
\o 
\o 
\o *Info*    Data Directory    =
\o           /home/cae3/simulation/ADC/TB_single/maestro/results/maestro/ExplorerRun.0/25/ADC_TB_single_1
\o 
\o Reusing AHDL Data dir
\o generate netlist...
\o Ignoring netlist creation since ignoreDesignChangesDuringRun is set to true
\o       ...successful.
\o compose simulator input file...
\o       ...successful.
\o [2024-12-06 22:03:54.964 +0100] [PROCESS] [cadence.virtuoso.ade.services.netlister] - Current memory used: 856.8477 MBytes, peak memory used: 856.8477 MBytes {"jobid": "1", "hostname": "cae-europractice1.othr.de", "processid": 1567726, "history": "ExplorerRun.0", "testname": "ADC_TB_single_1", "point": 25, "logfile": "/home/cae3/Desktop/ADC/ASIC_ADC/Cadence_sky/logs_cae3/logs0/Service1.log"}
\o [2024-12-06 22:03:54.964 +0100] [INFO] [cadence.virtuoso.ade.services.netlister] - Finished netlisting {"jobid": "1", "history": "ExplorerRun.0", "point": 25, "testname": "ADC_TB_single_1", "event": "finish", "category": "point-netlist"}
\o [2024-12-06 22:03:55.970 +0100] [EVENT] [cadence.virtuoso.ade.services.netlister] - NewPoint {"jobid": "1", "history": "ExplorerRun.0", "point": 26, "testname": "ADC_TB_single_1", "event": "NewPoint", "EventSource": "Netlist Service", "HistoryName": "ExplorerRun.0", "logFile": "/home/cae3/Desktop/ADC/ASIC_ADC/Cadence_sky/logs_cae3/logs0/Service1.log", "logFileSize": "59080"}
\o [2024-12-06 22:03:55.971 +0100] [INFO] [cadence.virtuoso.ade.services.netlister] - Started netlisting {"jobid": "1", "history": "ExplorerRun.0", "point": 26, "testname": "ADC_TB_single_1", "event": "start", "category": "point-netlist"}
\o Resetting statistical vars
\o 
\o *Info*    Setting parameter values ...
\o 
\o Setting var pre_n_W = "470n"
\o 
\o *Info*    Netlist Directory =
\o           /home/cae3/simulation/ADC/TB_single/maestro/results/maestro/ExplorerRun.0/26/ADC_TB_single_1/netlist
\o 
\o 
\o *Info*    Data Directory    =
\o           /home/cae3/simulation/ADC/TB_single/maestro/results/maestro/ExplorerRun.0/26/ADC_TB_single_1
\o 
\o Reusing AHDL Data dir
\o generate netlist...
\o Ignoring netlist creation since ignoreDesignChangesDuringRun is set to true
\o       ...successful.
\o compose simulator input file...
\o       ...successful.
\o [2024-12-06 22:03:57.719 +0100] [PROCESS] [cadence.virtuoso.ade.services.netlister] - Current memory used: 856.8477 MBytes, peak memory used: 856.8477 MBytes {"jobid": "1", "hostname": "cae-europractice1.othr.de", "processid": 1567726, "history": "ExplorerRun.0", "testname": "ADC_TB_single_1", "point": 26, "logfile": "/home/cae3/Desktop/ADC/ASIC_ADC/Cadence_sky/logs_cae3/logs0/Service1.log"}
\o [2024-12-06 22:03:57.720 +0100] [INFO] [cadence.virtuoso.ade.services.netlister] - Finished netlisting {"jobid": "1", "history": "ExplorerRun.0", "point": 26, "testname": "ADC_TB_single_1", "event": "finish", "category": "point-netlist"}
\o [2024-12-06 22:03:58.724 +0100] [EVENT] [cadence.virtuoso.ade.services.netlister] - NewPoint {"jobid": "1", "history": "ExplorerRun.0", "point": 27, "testname": "ADC_TB_single_1", "event": "NewPoint", "EventSource": "Netlist Service", "HistoryName": "ExplorerRun.0", "logFile": "/home/cae3/Desktop/ADC/ASIC_ADC/Cadence_sky/logs_cae3/logs0/Service1.log", "logFileSize": "60963"}
\o [2024-12-06 22:03:58.724 +0100] [INFO] [cadence.virtuoso.ade.services.netlister] - Started netlisting {"jobid": "1", "history": "ExplorerRun.0", "point": 27, "testname": "ADC_TB_single_1", "event": "start", "category": "point-netlist"}
\o Resetting statistical vars
\o 
\o *Info*    Setting parameter values ...
\o 
\o Setting var pre_n_W = "520n"
\o 
\o *Info*    Netlist Directory =
\o           /home/cae3/simulation/ADC/TB_single/maestro/results/maestro/ExplorerRun.0/27/ADC_TB_single_1/netlist
\o 
\o 
\o *Info*    Data Directory    =
\o           /home/cae3/simulation/ADC/TB_single/maestro/results/maestro/ExplorerRun.0/27/ADC_TB_single_1
\o 
\o Reusing AHDL Data dir
\o generate netlist...
\o Ignoring netlist creation since ignoreDesignChangesDuringRun is set to true
\o       ...successful.
\o compose simulator input file...
\o       ...successful.
\o [2024-12-06 22:04:00.528 +0100] [PROCESS] [cadence.virtuoso.ade.services.netlister] - Current memory used: 856.8477 MBytes, peak memory used: 856.8477 MBytes {"jobid": "1", "hostname": "cae-europractice1.othr.de", "processid": 1567726, "history": "ExplorerRun.0", "testname": "ADC_TB_single_1", "point": 27, "logfile": "/home/cae3/Desktop/ADC/ASIC_ADC/Cadence_sky/logs_cae3/logs0/Service1.log"}
\o [2024-12-06 22:04:00.529 +0100] [INFO] [cadence.virtuoso.ade.services.netlister] - Finished netlisting {"jobid": "1", "history": "ExplorerRun.0", "point": 27, "testname": "ADC_TB_single_1", "event": "finish", "category": "point-netlist"}
\o [2024-12-06 22:04:01.536 +0100] [EVENT] [cadence.virtuoso.ade.services.netlister] - NewPoint {"jobid": "1", "history": "ExplorerRun.0", "point": 28, "testname": "ADC_TB_single_1", "event": "NewPoint", "EventSource": "Netlist Service", "HistoryName": "ExplorerRun.0", "logFile": "/home/cae3/Desktop/ADC/ASIC_ADC/Cadence_sky/logs_cae3/logs0/Service1.log", "logFileSize": "62846"}
\o [2024-12-06 22:04:01.536 +0100] [INFO] [cadence.virtuoso.ade.services.netlister] - Started netlisting {"jobid": "1", "history": "ExplorerRun.0", "point": 28, "testname": "ADC_TB_single_1", "event": "start", "category": "point-netlist"}
\o Resetting statistical vars
\o 
\o *Info*    Setting parameter values ...
\o 
\o Setting var pre_n_W = "570n"
\o 
\o *Info*    Netlist Directory =
\o           /home/cae3/simulation/ADC/TB_single/maestro/results/maestro/ExplorerRun.0/28/ADC_TB_single_1/netlist
\o 
\o 
\o *Info*    Data Directory    =
\o           /home/cae3/simulation/ADC/TB_single/maestro/results/maestro/ExplorerRun.0/28/ADC_TB_single_1
\o 
\o Reusing AHDL Data dir
\o generate netlist...
\o Ignoring netlist creation since ignoreDesignChangesDuringRun is set to true
\o       ...successful.
\o compose simulator input file...
\o       ...successful.
\o [2024-12-06 22:04:03.236 +0100] [PROCESS] [cadence.virtuoso.ade.services.netlister] - Current memory used: 856.8477 MBytes, peak memory used: 856.8477 MBytes {"jobid": "1", "hostname": "cae-europractice1.othr.de", "processid": 1567726, "history": "ExplorerRun.0", "testname": "ADC_TB_single_1", "point": 28, "logfile": "/home/cae3/Desktop/ADC/ASIC_ADC/Cadence_sky/logs_cae3/logs0/Service1.log"}
\o [2024-12-06 22:04:03.236 +0100] [INFO] [cadence.virtuoso.ade.services.netlister] - Finished netlisting {"jobid": "1", "history": "ExplorerRun.0", "point": 28, "testname": "ADC_TB_single_1", "event": "finish", "category": "point-netlist"}
\o [2024-12-06 22:09:04.764 +0100] [PROCESS] [cadence.virtuoso.ade.services.netlister] - Netlist Service process exits. {"jobid": "1", "hostname": "cae-europractice1.othr.de", "processid": 1567726, "history": "ExplorerRun.0", "logfile": "/home/cae3/Desktop/ADC/ASIC_ADC/Cadence_sky/logs_cae3/logs0/Service1.log"}
\o Simulation design variables differ from those on the cellView,
\o they have been saved in the file "/tmp/saved-design-variables".
\o To save future changes, copy variables to cellView before exiting.
\# Lic Summary:
\# [22:09:05.293059] Cdslmd servers:5280@hs-lic3.oth-regensburg.de:27003@hs-lic1.oth-regensburg.de:27003@hs-lic1.oth-regensburg.de:
\# [22:09:05.817369] Feature usage summary:
\# Memory report: on exit            529 MB, process size 2,429 MB at UTC 2024.12.06 21:09:05.817
\# Memory report: peak usage         537 MB, process size 2,437 MB
