 ------------------------------------------------------------------------------------------------------------------------------------------------------- 
| Snapshot                | WNS                  | TNS                  | Density (%) | Hotspot                   | Resource               | DRVs       |
|                         | HEPG (ns) | ALL (ns) | HEPG (ns) | ALL (ns) |             | Max (bins) | Total (bins) | Real (s) | Memory (MB) | Tran | Cap |
|-------------------------+-----------+----------+-----------+----------+-------------+------------+--------------+----------+-------------+------+-----|
| initial_summary         |           |    0.112 |           |        0 |       88.46 |            |              | 0:00:00  |        4623 |    0 |   0 |
| route_type_refinement   |           |          |           |          |             |            |              | 0:00:01  |        4625 |      |     |
| simplify_netlist        |           |          |           |          |             |            |              | 0:00:00  |        4638 |      |     |
| excluded_clk_net_fixing |           |          |           |          |             |            |              | 0:00:00  |        4638 |      |     |
| global_opt              |           |    0.112 |           |        0 |       88.46 |            |              | 0:00:01  |        4672 |      |     |
| area_reclaiming         |     0.000 |    0.112 |         0 |        0 |       88.46 |            |              | 0:00:00  |        4668 |      |     |
| area_reclaiming_2       |     0.000 |    0.112 |         0 |        0 |       88.46 |            |              | 0:00:01  |        4669 |      |     |
| local_wire_reclaim      |           |          |           |          |             |            |              | 0:00:00  |        4637 |      |     |
| global_route            |           |          |           |          |             |       1.00 |         1.00 | 0:00:01  |        4623 |      |     |
| route_type_refinement_2 |           |          |           |          |             |            |              | 0:00:00  |        4623 |      |     |
| drv_eco_fixing          |     0.000 |    0.127 |         0 |        0 |       88.46 |            |              | 0:00:00  |        4677 |    0 |   0 |
| final_summary           |           |    0.127 |           |        0 |       88.46 |            |              | 0:00:03  |        4682 |    0 |   0 |
 ------------------------------------------------------------------------------------------------------------------------------------------------------- 
