 ------------------------------------------------------------------------------------------------------------------------------------------------------- 
| Snapshot                | WNS                  | TNS                  | Density (%) | Hotspot                   | Resource               | DRVs       |
|                         | HEPG (ns) | ALL (ns) | HEPG (ns) | ALL (ns) |             | Max (bins) | Total (bins) | Real (s) | Memory (MB) | Tran | Cap |
|-------------------------+-----------+----------+-----------+----------+-------------+------------+--------------+----------+-------------+------+-----|
| initial_summary         |           |   -3.318 |           |      -13 |       57.69 |            |              | 0:00:00  |        4068 |    4 |   4 |
| simplify_netlist        |           |          |           |          |             |            |              | 0:00:00  |        4082 |      |     |
| drv_fixing              |           |          |           |          |             |            |              | 0:00:00  |        4084 |      |     |
| drv_fixing_2            |     0.000 |    0.140 |         0 |        0 |       88.46 |            |              | 0:00:01  |        4194 |    0 |   0 |
| global_opt              |           |    0.140 |           |        0 |       88.46 |            |              | 0:00:01  |        4227 |      |     |
| area_reclaiming         |     0.000 |    0.140 |         0 |        0 |       88.46 |            |              | 0:00:00  |        4230 |      |     |
| incremental_replacement |           |          |           |          |             |       1.00 |         1.00 | 0:00:02  |        4544 |      |     |
| area_reclaiming_2       |     0.000 |    0.122 |         0 |        0 |       88.46 |            |              | 0:00:00  |        4569 |      |     |
| drv_eco_fixing          |     0.000 |    0.122 |         0 |        0 |       88.46 |            |              | 0:00:01  |        4569 |    0 |   0 |
| final_summary           |           |    0.122 |           |        0 |       88.46 |            |              | 0:00:03  |        4578 |    0 |   0 |
 ------------------------------------------------------------------------------------------------------------------------------------------------------- 
