 ------------------------------------------------------------------------------------------------------------------------------------------------------- 
| Snapshot                | WNS                  | TNS                  | Density (%) | Hotspot                   | Resource               | DRVs       |
|                         | HEPG (ns) | ALL (ns) | HEPG (ns) | ALL (ns) |             | Max (bins) | Total (bins) | Real (s) | Memory (MB) | Tran | Cap |
|-------------------------+-----------+----------+-----------+----------+-------------+------------+--------------+----------+-------------+------+-----|
| initial_summary         |           |    0.127 |           |        0 |       88.46 |            |              | 0:00:01  |        4587 |    0 |   0 |
| route_type_refinement   |           |          |           |          |             |            |              | 0:00:00  |        4587 |      |     |
| simplify_netlist        |           |          |           |          |             |            |              | 0:00:00  |        4589 |      |     |
| excluded_clk_net_fixing |           |          |           |          |             |            |              | 0:00:00  |        4589 |      |     |
| global_opt              |           |    0.127 |           |        0 |       88.46 |            |              | 0:00:00  |        4627 |      |     |
| area_reclaiming         |     0.000 |    0.127 |         0 |        0 |       88.46 |            |              | 0:00:01  |        4629 |      |     |
| area_reclaiming_2       |     0.000 |    0.127 |         0 |        0 |       88.46 |            |              | 0:00:00  |        4628 |      |     |
| local_wire_reclaim      |           |          |           |          |             |            |              | 0:00:00  |        4596 |      |     |
| global_route            |           |          |           |          |             |       1.00 |         1.00 | 0:00:00  |        4593 |      |     |
| route_type_refinement_2 |           |          |           |          |             |            |              | 0:00:00  |        4593 |      |     |
| drv_eco_fixing          |     0.000 |    0.127 |         0 |        0 |       88.46 |            |              | 0:00:01  |        4639 |    0 |   0 |
| final_summary           |           |    0.127 |           |        0 |       88.46 |            |              | 0:00:03  |        4643 |    0 |   0 |
 ------------------------------------------------------------------------------------------------------------------------------------------------------- 
